  common.cpp
C:\Users\fei3szh\Desktop\D\MYFILE\NewVersion_ISP\MyISPPipeLine\MyISPPipe\common\common.h(123,2): warning C4091: 'typedef ': ignored on left of 'ISPParam_rawextern' when no variable is declared
C:\Users\fei3szh\Desktop\D\MYFILE\NewVersion_ISP\MyISPPipeLine\MyISPPipe\common\common.h(152,2): warning C4091: 'typedef ': ignored on left of 'ISPParam_contrast' when no variable is declared
C:\Users\fei3szh\Desktop\D\MYFILE\NewVersion_ISP\MyISPPipeLine\MyISPPipe\common\common.h(168,7): warning C4067: unexpected tokens following preprocessor directive - expected a newline
C:\Users\fei3szh\Desktop\D\MYFILE\NewVersion_ISP\MyISPPipeLine\MyISPPipe\common\stb_image_write.h(776,13): error C4996: 'sprintf': This function or variable may be unsafe. Consider using sprintf_s instead. To disable deprecation, use _CRT_SECURE_NO_WARNINGS. See online help for details.
  main.cpp
C:\Users\fei3szh\Desktop\D\MYFILE\NewVersion_ISP\MyISPPipeLine\MyISPPipe\common\common.h(4,1): warning C4005: 'min': macro redefinition
C:\Program Files (x86)\Windows Kits\10\Include\10.0.19041.0\shared\minwindef.h(197): message : see previous definition of 'min'
C:\Users\fei3szh\Desktop\D\MYFILE\NewVersion_ISP\MyISPPipeLine\MyISPPipe\common\common.h(5,1): warning C4005: 'max': macro redefinition
C:\Program Files (x86)\Windows Kits\10\Include\10.0.19041.0\shared\minwindef.h(193): message : see previous definition of 'max'
C:\Users\fei3szh\Desktop\D\MYFILE\NewVersion_ISP\MyISPPipeLine\MyISPPipe\common\common.h(123,2): warning C4091: 'typedef ': ignored on left of 'ISPParam_rawextern' when no variable is declared
C:\Users\fei3szh\Desktop\D\MYFILE\NewVersion_ISP\MyISPPipeLine\MyISPPipe\common\common.h(152,2): warning C4091: 'typedef ': ignored on left of 'ISPParam_contrast' when no variable is declared
C:\Users\fei3szh\Desktop\D\MYFILE\NewVersion_ISP\MyISPPipeLine\MyISPPipe\common\common.h(168,7): warning C4067: unexpected tokens following preprocessor directive - expected a newline
C:\Users\fei3szh\Desktop\D\MYFILE\NewVersion_ISP\MyISPPipeLine\MyISPPipe\main.cpp(6,10): fatal error C1083: Cannot open include file: 'imgui.h': No such file or directory
  awb.cpp
C:\Users\fei3szh\Desktop\D\MYFILE\NewVersion_ISP\MyISPPipeLine\MyISPPipe\common\common.h(123,2): warning C4091: 'typedef ': ignored on left of 'ISPParam_rawextern' when no variable is declared
C:\Users\fei3szh\Desktop\D\MYFILE\NewVersion_ISP\MyISPPipeLine\MyISPPipe\common\common.h(152,2): warning C4091: 'typedef ': ignored on left of 'ISPParam_contrast' when no variable is declared
C:\Users\fei3szh\Desktop\D\MYFILE\NewVersion_ISP\MyISPPipeLine\MyISPPipe\common\common.h(168,7): warning C4067: unexpected tokens following preprocessor directive - expected a newline
C:\Users\fei3szh\Desktop\D\MYFILE\NewVersion_ISP\MyISPPipeLine\MyISPPipe\module\awb.cpp(10,15): warning C4244: 'initializing': conversion from 'int' to 'float', possible loss of data
C:\Users\fei3szh\Desktop\D\MYFILE\NewVersion_ISP\MyISPPipeLine\MyISPPipe\module\awb.cpp(11,15): warning C4244: 'initializing': conversion from 'int' to 'float', possible loss of data
C:\Users\fei3szh\Desktop\D\MYFILE\NewVersion_ISP\MyISPPipeLine\MyISPPipe\module\awb.cpp(50,20): warning C4244: '=': conversion from 'float' to 'int', possible loss of data
C:\Users\fei3szh\Desktop\D\MYFILE\NewVersion_ISP\MyISPPipeLine\MyISPPipe\module\awb.cpp(51,20): warning C4244: '=': conversion from 'float' to 'int', possible loss of data
C:\Users\fei3szh\Desktop\D\MYFILE\NewVersion_ISP\MyISPPipeLine\MyISPPipe\module\awb.cpp(75,20): warning C4244: '=': conversion from 'double' to 'float', possible loss of data
C:\Users\fei3szh\Desktop\D\MYFILE\NewVersion_ISP\MyISPPipeLine\MyISPPipe\module\awb.cpp(108,15): warning C4244: 'initializing': conversion from 'int' to 'float', possible loss of data
C:\Users\fei3szh\Desktop\D\MYFILE\NewVersion_ISP\MyISPPipeLine\MyISPPipe\module\awb.cpp(109,15): warning C4244: 'initializing': conversion from 'int' to 'float', possible loss of data
C:\Users\fei3szh\Desktop\D\MYFILE\NewVersion_ISP\MyISPPipeLine\MyISPPipe\module\awb.cpp(113,28): warning C4244: '=': conversion from 'float' to 'u16', possible loss of data
C:\Users\fei3szh\Desktop\D\MYFILE\NewVersion_ISP\MyISPPipeLine\MyISPPipe\module\awb.cpp(114,32): warning C4244: '=': conversion from 'float' to 'u16', possible loss of data
  blc.cpp
C:\Users\fei3szh\Desktop\D\MYFILE\NewVersion_ISP\MyISPPipeLine\MyISPPipe\common\common.h(123,2): warning C4091: 'typedef ': ignored on left of 'ISPParam_rawextern' when no variable is declared
C:\Users\fei3szh\Desktop\D\MYFILE\NewVersion_ISP\MyISPPipeLine\MyISPPipe\common\common.h(152,2): warning C4091: 'typedef ': ignored on left of 'ISPParam_contrast' when no variable is declared
C:\Users\fei3szh\Desktop\D\MYFILE\NewVersion_ISP\MyISPPipeLine\MyISPPipe\common\common.h(168,7): warning C4067: unexpected tokens following preprocessor directive - expected a newline
C:\Users\fei3szh\Desktop\D\MYFILE\NewVersion_ISP\MyISPPipeLine\MyISPPipe\module\blc.cpp(68,63): warning C4244: '=': conversion from 'float' to 'u32', possible loss of data
C:\Users\fei3szh\Desktop\D\MYFILE\NewVersion_ISP\MyISPPipeLine\MyISPPipe\module\blc.cpp(69,74): warning C4244: '=': conversion from 'float' to 'u32', possible loss of data
C:\Users\fei3szh\Desktop\D\MYFILE\NewVersion_ISP\MyISPPipeLine\MyISPPipe\module\blc.cpp(70,76): warning C4244: '=': conversion from 'float' to 'u32', possible loss of data
C:\Users\fei3szh\Desktop\D\MYFILE\NewVersion_ISP\MyISPPipeLine\MyISPPipe\module\blc.cpp(71,82): warning C4244: '=': conversion from 'float' to 'u32', possible loss of data
  ccm.cpp
C:\Users\fei3szh\Desktop\D\MYFILE\NewVersion_ISP\MyISPPipeLine\MyISPPipe\common\common.h(123,2): warning C4091: 'typedef ': ignored on left of 'ISPParam_rawextern' when no variable is declared
C:\Users\fei3szh\Desktop\D\MYFILE\NewVersion_ISP\MyISPPipeLine\MyISPPipe\common\common.h(152,2): warning C4091: 'typedef ': ignored on left of 'ISPParam_contrast' when no variable is declared
C:\Users\fei3szh\Desktop\D\MYFILE\NewVersion_ISP\MyISPPipeLine\MyISPPipe\common\common.h(168,7): warning C4067: unexpected tokens following preprocessor directive - expected a newline
  contrast.cpp
C:\Users\fei3szh\Desktop\D\MYFILE\NewVersion_ISP\MyISPPipeLine\MyISPPipe\common\common.h(123,2): warning C4091: 'typedef ': ignored on left of 'ISPParam_rawextern' when no variable is declared
C:\Users\fei3szh\Desktop\D\MYFILE\NewVersion_ISP\MyISPPipeLine\MyISPPipe\common\common.h(152,2): warning C4091: 'typedef ': ignored on left of 'ISPParam_contrast' when no variable is declared
C:\Users\fei3szh\Desktop\D\MYFILE\NewVersion_ISP\MyISPPipeLine\MyISPPipe\common\common.h(168,7): warning C4067: unexpected tokens following preprocessor directive - expected a newline
C:\Users\fei3szh\Desktop\D\MYFILE\NewVersion_ISP\MyISPPipeLine\MyISPPipe\module\contrast.cpp(22,17): warning C4244: 'initializing': conversion from 'float' to 'long', possible loss of data
C:\Users\fei3szh\Desktop\D\MYFILE\NewVersion_ISP\MyISPPipeLine\MyISPPipe\module\contrast.cpp(23,14): warning C4244: '=': conversion from 'long' to 'u8', possible loss of data
  csc.cpp
  demosaic.cpp
C:\Users\fei3szh\Desktop\D\MYFILE\NewVersion_ISP\MyISPPipeLine\MyISPPipe\common\common.h(123,2): warning C4091: 'typedef ': ignored on left of 'ISPParam_rawextern' when no variable is declared
C:\Users\fei3szh\Desktop\D\MYFILE\NewVersion_ISP\MyISPPipeLine\MyISPPipe\common\common.h(152,2): warning C4091: 'typedef ': ignored on left of 'ISPParam_contrast' when no variable is declared
C:\Users\fei3szh\Desktop\D\MYFILE\NewVersion_ISP\MyISPPipeLine\MyISPPipe\common\common.h(168,7): warning C4067: unexpected tokens following preprocessor directive - expected a newline
C:\Users\fei3szh\Desktop\D\MYFILE\NewVersion_ISP\MyISPPipeLine\MyISPPipe\module\demosaic.cpp(833,29): warning C4244: 'initializing': conversion from 'int' to 'float', possible loss of data
C:\Users\fei3szh\Desktop\D\MYFILE\NewVersion_ISP\MyISPPipeLine\MyISPPipe\module\demosaic.cpp(834,29): warning C4244: 'initializing': conversion from 'int' to 'float', possible loss of data
C:\Users\fei3szh\Desktop\D\MYFILE\NewVersion_ISP\MyISPPipeLine\MyISPPipe\module\demosaic.cpp(1009,38): warning C4244: '=': conversion from 'double' to 'unsigned short', possible loss of data
C:\Users\fei3szh\Desktop\D\MYFILE\NewVersion_ISP\MyISPPipeLine\MyISPPipe\module\demosaic.cpp(1019,22): warning C4244: 'initializing': conversion from 'double' to 'int', possible loss of data
  depwl.cpp
C:\Users\fei3szh\Desktop\D\MYFILE\NewVersion_ISP\MyISPPipeLine\MyISPPipe\common\common.h(123,2): warning C4091: 'typedef ': ignored on left of 'ISPParam_rawextern' when no variable is declared
C:\Users\fei3szh\Desktop\D\MYFILE\NewVersion_ISP\MyISPPipeLine\MyISPPipe\common\common.h(152,2): warning C4091: 'typedef ': ignored on left of 'ISPParam_contrast' when no variable is declared
C:\Users\fei3szh\Desktop\D\MYFILE\NewVersion_ISP\MyISPPipeLine\MyISPPipe\common\common.h(168,7): warning C4067: unexpected tokens following preprocessor directive - expected a newline
  dpc.cpp
C:\Users\fei3szh\Desktop\D\MYFILE\NewVersion_ISP\MyISPPipeLine\MyISPPipe\common\common.h(123,2): warning C4091: 'typedef ': ignored on left of 'ISPParam_rawextern' when no variable is declared
C:\Users\fei3szh\Desktop\D\MYFILE\NewVersion_ISP\MyISPPipeLine\MyISPPipe\common\common.h(152,2): warning C4091: 'typedef ': ignored on left of 'ISPParam_contrast' when no variable is declared
C:\Users\fei3szh\Desktop\D\MYFILE\NewVersion_ISP\MyISPPipeLine\MyISPPipe\common\common.h(168,7): warning C4067: unexpected tokens following preprocessor directive - expected a newline
  gamma.cpp
C:\Users\fei3szh\Desktop\D\MYFILE\NewVersion_ISP\MyISPPipeLine\MyISPPipe\common\common.h(123,2): warning C4091: 'typedef ': ignored on left of 'ISPParam_rawextern' when no variable is declared
C:\Users\fei3szh\Desktop\D\MYFILE\NewVersion_ISP\MyISPPipeLine\MyISPPipe\common\common.h(152,2): warning C4091: 'typedef ': ignored on left of 'ISPParam_contrast' when no variable is declared
C:\Users\fei3szh\Desktop\D\MYFILE\NewVersion_ISP\MyISPPipeLine\MyISPPipe\common\common.h(168,7): warning C4067: unexpected tokens following preprocessor directive - expected a newline
C:\Users\fei3szh\Desktop\D\MYFILE\NewVersion_ISP\MyISPPipeLine\MyISPPipe\module\gamma.cpp(8,16): warning C4244: 'initializing': conversion from 'double' to 'u16', possible loss of data
C:\Users\fei3szh\Desktop\D\MYFILE\NewVersion_ISP\MyISPPipeLine\MyISPPipe\module\gamma.cpp(10,28): warning C4305: 'initializing': truncation from 'double' to 'float'
C:\Users\fei3szh\Desktop\D\MYFILE\NewVersion_ISP\MyISPPipeLine\MyISPPipe\module\gamma.cpp(12,21): warning C4244: 'initializing': conversion from 'double' to 'float', possible loss of data
C:\Users\fei3szh\Desktop\D\MYFILE\NewVersion_ISP\MyISPPipeLine\MyISPPipe\module\gamma.cpp(13,21): warning C4244: 'initializing': conversion from 'double' to 'float', possible loss of data
  ldci.cpp
  lsc.cpp
C:\Users\fei3szh\Desktop\D\MYFILE\NewVersion_ISP\MyISPPipeLine\MyISPPipe\common\common.h(123,2): warning C4091: 'typedef ': ignored on left of 'ISPParam_rawextern' when no variable is declared
C:\Users\fei3szh\Desktop\D\MYFILE\NewVersion_ISP\MyISPPipeLine\MyISPPipe\common\common.h(152,2): warning C4091: 'typedef ': ignored on left of 'ISPParam_contrast' when no variable is declared
C:\Users\fei3szh\Desktop\D\MYFILE\NewVersion_ISP\MyISPPipeLine\MyISPPipe\common\common.h(168,7): warning C4067: unexpected tokens following preprocessor directive - expected a newline
C:\Users\fei3szh\Desktop\D\MYFILE\NewVersion_ISP\MyISPPipeLine\MyISPPipe\module\lsc.cpp(39,8): warning C4244: '=': conversion from 'double' to 'int', possible loss of data
C:\Users\fei3szh\Desktop\D\MYFILE\NewVersion_ISP\MyISPPipeLine\MyISPPipe\module\lsc.cpp(77,72): warning C4244: '=': conversion from 'float' to 'u32', possible loss of data
  raw_extern.cpp
C:\Users\fei3szh\Desktop\D\MYFILE\NewVersion_ISP\MyISPPipeLine\MyISPPipe\common\common.h(123,2): warning C4091: 'typedef ': ignored on left of 'ISPParam_rawextern' when no variable is declared
C:\Users\fei3szh\Desktop\D\MYFILE\NewVersion_ISP\MyISPPipeLine\MyISPPipe\common\common.h(152,2): warning C4091: 'typedef ': ignored on left of 'ISPParam_contrast' when no variable is declared
C:\Users\fei3szh\Desktop\D\MYFILE\NewVersion_ISP\MyISPPipeLine\MyISPPipe\common\common.h(168,7): warning C4067: unexpected tokens following preprocessor directive - expected a newline
  RNR.cpp
C:\Users\fei3szh\Desktop\D\MYFILE\NewVersion_ISP\MyISPPipeLine\MyISPPipe\common\common.h(123,2): warning C4091: 'typedef ': ignored on left of 'ISPParam_rawextern' when no variable is declared
C:\Users\fei3szh\Desktop\D\MYFILE\NewVersion_ISP\MyISPPipeLine\MyISPPipe\common\common.h(152,2): warning C4091: 'typedef ': ignored on left of 'ISPParam_contrast' when no variable is declared
C:\Users\fei3szh\Desktop\D\MYFILE\NewVersion_ISP\MyISPPipeLine\MyISPPipe\common\common.h(168,7): warning C4067: unexpected tokens following preprocessor directive - expected a newline
C:\Users\fei3szh\Desktop\D\MYFILE\NewVersion_ISP\MyISPPipeLine\MyISPPipe\module\RNR.cpp(443,34): warning C4305: 'initializing': truncation from 'double' to 'float'
C:\Users\fei3szh\Desktop\D\MYFILE\NewVersion_ISP\MyISPPipeLine\MyISPPipe\module\RNR.cpp(444,28): warning C4305: 'initializing': truncation from 'double' to 'float'
C:\Users\fei3szh\Desktop\D\MYFILE\NewVersion_ISP\MyISPPipeLine\MyISPPipe\module\RNR.cpp(657,15): warning C4244: 'initializing': conversion from 'int' to 'float', possible loss of data
C:\Users\fei3szh\Desktop\D\MYFILE\NewVersion_ISP\MyISPPipeLine\MyISPPipe\module\RNR.cpp(658,15): warning C4244: 'initializing': conversion from 'int' to 'float', possible loss of data
C:\Users\fei3szh\Desktop\D\MYFILE\NewVersion_ISP\MyISPPipeLine\MyISPPipe\module\RNR.cpp(659,15): warning C4244: 'initializing': conversion from 'int' to 'float', possible loss of data
C:\Users\fei3szh\Desktop\D\MYFILE\NewVersion_ISP\MyISPPipeLine\MyISPPipe\module\RNR.cpp(677,12): warning C4244: 'initializing': conversion from 'float' to 'int', possible loss of data
C:\Users\fei3szh\Desktop\D\MYFILE\NewVersion_ISP\MyISPPipeLine\MyISPPipe\module\RNR.cpp(678,12): warning C4244: 'initializing': conversion from 'float' to 'int', possible loss of data
C:\Users\fei3szh\Desktop\D\MYFILE\NewVersion_ISP\MyISPPipeLine\MyISPPipe\module\RNR.cpp(679,12): warning C4244: 'initializing': conversion from 'float' to 'int', possible loss of data
  sharpen.cpp
C:\Users\fei3szh\Desktop\D\MYFILE\NewVersion_ISP\MyISPPipeLine\MyISPPipe\common\common.h(123,2): warning C4091: 'typedef ': ignored on left of 'ISPParam_rawextern' when no variable is declared
C:\Users\fei3szh\Desktop\D\MYFILE\NewVersion_ISP\MyISPPipeLine\MyISPPipe\common\common.h(152,2): warning C4091: 'typedef ': ignored on left of 'ISPParam_contrast' when no variable is declared
C:\Users\fei3szh\Desktop\D\MYFILE\NewVersion_ISP\MyISPPipeLine\MyISPPipe\common\common.h(168,7): warning C4067: unexpected tokens following preprocessor directive - expected a newline
C:\Users\fei3szh\Desktop\D\MYFILE\NewVersion_ISP\MyISPPipeLine\MyISPPipe\module\sharpen.cpp(327,16): warning C4244: '=': conversion from 'float' to 'u8', possible loss of data
C:\Users\fei3szh\Desktop\D\MYFILE\NewVersion_ISP\MyISPPipeLine\MyISPPipe\module\sharpen.cpp(328,16): warning C4244: '=': conversion from 'float' to 'u8', possible loss of data
C:\Users\fei3szh\Desktop\D\MYFILE\NewVersion_ISP\MyISPPipeLine\MyISPPipe\module\sharpen.cpp(329,16): warning C4244: '=': conversion from 'float' to 'u8', possible loss of data
C:\Users\fei3szh\Desktop\D\MYFILE\NewVersion_ISP\MyISPPipeLine\MyISPPipe\module\sharpen.cpp(533,21): warning C4244: 'initializing': conversion from 'float' to 'int', possible loss of data
  Tonemap.cpp
C:\Users\fei3szh\Desktop\D\MYFILE\NewVersion_ISP\MyISPPipeLine\MyISPPipe\common\common.h(123,2): warning C4091: 'typedef ': ignored on left of 'ISPParam_rawextern' when no variable is declared
C:\Users\fei3szh\Desktop\D\MYFILE\NewVersion_ISP\MyISPPipeLine\MyISPPipe\common\common.h(152,2): warning C4091: 'typedef ': ignored on left of 'ISPParam_contrast' when no variable is declared
C:\Users\fei3szh\Desktop\D\MYFILE\NewVersion_ISP\MyISPPipeLine\MyISPPipe\common\common.h(168,7): warning C4067: unexpected tokens following preprocessor directive - expected a newline
C:\Users\fei3szh\Desktop\D\MYFILE\NewVersion_ISP\MyISPPipeLine\MyISPPipe\module\Tonemap.cpp(35,72): warning C4244: '=': conversion from 'double' to 'int', possible loss of data
C:\Users\fei3szh\Desktop\D\MYFILE\NewVersion_ISP\MyISPPipeLine\MyISPPipe\module\Tonemap.cpp(95,71): warning C4244: '=': conversion from 'double' to 'int', possible loss of data
C:\Users\fei3szh\Desktop\D\MYFILE\NewVersion_ISP\MyISPPipeLine\MyISPPipe\module\Tonemap.cpp(145,80): warning C4244: '=': conversion from 'float' to 'int', possible loss of data
C:\Users\fei3szh\Desktop\D\MYFILE\NewVersion_ISP\MyISPPipeLine\MyISPPipe\module\Tonemap.cpp(496,17): warning C4244: 'initializing': conversion from 'double' to 'float', possible loss of data
C:\Users\fei3szh\Desktop\D\MYFILE\NewVersion_ISP\MyISPPipeLine\MyISPPipe\module\Tonemap.cpp(503,51): warning C4244: '=': conversion from 'double' to 'u16', possible loss of data
C:\Users\fei3szh\Desktop\D\MYFILE\NewVersion_ISP\MyISPPipeLine\MyISPPipe\module\Tonemap.cpp(504,57): warning C4244: '=': conversion from 'double' to 'u16', possible loss of data
C:\Users\fei3szh\Desktop\D\MYFILE\NewVersion_ISP\MyISPPipeLine\MyISPPipe\module\Tonemap.cpp(505,55): warning C4244: '=': conversion from 'double' to 'u16', possible loss of data
C:\Users\fei3szh\Desktop\D\MYFILE\NewVersion_ISP\MyISPPipeLine\MyISPPipe\module\Tonemap.cpp(506,61): warning C4244: '=': conversion from 'double' to 'u16', possible loss of data
  parameters.cpp
C:\Users\fei3szh\Desktop\D\MYFILE\NewVersion_ISP\MyISPPipeLine\MyISPPipe\common\common.h(123,2): warning C4091: 'typedef ': ignored on left of 'ISPParam_rawextern' when no variable is declared
C:\Users\fei3szh\Desktop\D\MYFILE\NewVersion_ISP\MyISPPipeLine\MyISPPipe\common\common.h(152,2): warning C4091: 'typedef ': ignored on left of 'ISPParam_contrast' when no variable is declared
C:\Users\fei3szh\Desktop\D\MYFILE\NewVersion_ISP\MyISPPipeLine\MyISPPipe\common\common.h(168,7): warning C4067: unexpected tokens following preprocessor directive - expected a newline
C:\Users\fei3szh\Desktop\D\MYFILE\NewVersion_ISP\MyISPPipeLine\MyISPPipe\parameters\parameters.cpp(137,1): warning C4305: 'initializing': truncation from 'double' to 'float'
C:\Users\fei3szh\Desktop\D\MYFILE\NewVersion_ISP\MyISPPipeLine\MyISPPipe\parameters\parameters.cpp(238,1): warning C4305: 'initializing': truncation from 'double' to 'float'
  managepipe.cpp
C:\Users\fei3szh\Desktop\D\MYFILE\NewVersion_ISP\MyISPPipeLine\MyISPPipe\common\common.h(123,2): warning C4091: 'typedef ': ignored on left of 'ISPParam_rawextern' when no variable is declared
C:\Users\fei3szh\Desktop\D\MYFILE\NewVersion_ISP\MyISPPipeLine\MyISPPipe\common\common.h(152,2): warning C4091: 'typedef ': ignored on left of 'ISPParam_contrast' when no variable is declared
C:\Users\fei3szh\Desktop\D\MYFILE\NewVersion_ISP\MyISPPipeLine\MyISPPipe\common\common.h(168,7): warning C4067: unexpected tokens following preprocessor directive - expected a newline
  imgui_impl_dx11.cpp
C:\Users\fei3szh\Desktop\D\MYFILE\NewVersion_ISP\MyISPPipeLine\MyISPPipe\thirdparty\imgui\backends\imgui_impl_dx11.cpp(45,10): fatal error C1083: Cannot open include file: 'imgui.h': No such file or directory
  Generating Code...
C:\Users\fei3szh\Desktop\D\MYFILE\NewVersion_ISP\MyISPPipeLine\MyISPPipe\module\blc.cpp(74): warning C4715: 'BLC_run': not all control paths return a value
C:\Users\fei3szh\Desktop\D\MYFILE\NewVersion_ISP\MyISPPipeLine\MyISPPipe\module\awb.cpp(98): warning C4715: 'AWB_run': not all control paths return a value
  Compiling...
  imgui_impl_win32.cpp
C:\Users\fei3szh\Desktop\D\MYFILE\NewVersion_ISP\MyISPPipeLine\MyISPPipe\thirdparty\imgui\backends\imgui_impl_win32.cpp(85,10): fatal error C1083: Cannot open include file: 'imgui.h': No such file or directory
  imgui.cpp
  imgui_demo.cpp
  imgui_draw.cpp
  imgui_tables.cpp
  imgui_widgets.cpp
  Generating Code...
