c:\users\fei3szh\desktop\d\myfile\newversion_isp\myisppipeline\myisppipe\myisppipe\x64\debug\vc142.pdb
c:\users\fei3szh\desktop\d\myfile\newversion_isp\myisppipeline\myisppipe\myisppipe\x64\debug\vc142.idb
c:\users\fei3szh\desktop\d\myfile\newversion_isp\myisppipeline\myisppipe\myisppipe\x64\debug\managepipe.obj
c:\users\fei3szh\desktop\d\myfile\newversion_isp\myisppipeline\myisppipe\myisppipe\x64\debug\parameters.obj
c:\users\fei3szh\desktop\d\myfile\newversion_isp\myisppipeline\myisppipe\myisppipe\x64\debug\tonemap.obj
c:\users\fei3szh\desktop\d\myfile\newversion_isp\myisppipeline\myisppipe\myisppipe\x64\debug\sharpen.obj
c:\users\fei3szh\desktop\d\myfile\newversion_isp\myisppipeline\myisppipe\myisppipe\x64\debug\rnr.obj
c:\users\fei3szh\desktop\d\myfile\newversion_isp\myisppipeline\myisppipe\myisppipe\x64\debug\raw_extern.obj
c:\users\fei3szh\desktop\d\myfile\newversion_isp\myisppipeline\myisppipe\myisppipe\x64\debug\lsc.obj
c:\users\fei3szh\desktop\d\myfile\newversion_isp\myisppipeline\myisppipe\myisppipe\x64\debug\ldci.obj
c:\users\fei3szh\desktop\d\myfile\newversion_isp\myisppipeline\myisppipe\myisppipe\x64\debug\gamma.obj
c:\users\fei3szh\desktop\d\myfile\newversion_isp\myisppipeline\myisppipe\myisppipe\x64\debug\dpc.obj
c:\users\fei3szh\desktop\d\myfile\newversion_isp\myisppipeline\myisppipe\myisppipe\x64\debug\depwl.obj
c:\users\fei3szh\desktop\d\myfile\newversion_isp\myisppipeline\myisppipe\myisppipe\x64\debug\demosaic.obj
c:\users\fei3szh\desktop\d\myfile\newversion_isp\myisppipeline\myisppipe\myisppipe\x64\debug\csc.obj
c:\users\fei3szh\desktop\d\myfile\newversion_isp\myisppipeline\myisppipe\myisppipe\x64\debug\contrast.obj
c:\users\fei3szh\desktop\d\myfile\newversion_isp\myisppipeline\myisppipe\myisppipe\x64\debug\ccm.obj
c:\users\fei3szh\desktop\d\myfile\newversion_isp\myisppipeline\myisppipe\myisppipe\x64\debug\blc.obj
c:\users\fei3szh\desktop\d\myfile\newversion_isp\myisppipeline\myisppipe\myisppipe\x64\debug\awb.obj
c:\users\fei3szh\desktop\d\myfile\newversion_isp\myisppipeline\myisppipe\myisppipe\x64\debug\main.obj
c:\users\fei3szh\desktop\d\myfile\newversion_isp\myisppipeline\myisppipe\myisppipe\x64\debug\common.obj
c:\users\fei3szh\desktop\d\myfile\newversion_isp\myisppipeline\myisppipe\myisppipe\x64\debug\imgui_widgets.obj
c:\users\fei3szh\desktop\d\myfile\newversion_isp\myisppipeline\myisppipe\myisppipe\x64\debug\imgui_tables.obj
c:\users\fei3szh\desktop\d\myfile\newversion_isp\myisppipeline\myisppipe\myisppipe\x64\debug\imgui_draw.obj
c:\users\fei3szh\desktop\d\myfile\newversion_isp\myisppipeline\myisppipe\myisppipe\x64\debug\imgui_demo.obj
c:\users\fei3szh\desktop\d\myfile\newversion_isp\myisppipeline\myisppipe\myisppipe\x64\debug\imgui.obj
c:\users\fei3szh\desktop\d\myfile\newversion_isp\myisppipeline\myisppipe\x64\debug\myisppipe.exe
c:\users\fei3szh\desktop\d\myfile\newversion_isp\myisppipeline\myisppipe\myisppipe\x64\debug\myisppipe.ilk
c:\users\fei3szh\desktop\d\myfile\newversion_isp\myisppipeline\myisppipe\x64\debug\myisppipe.pdb
c:\users\fei3szh\desktop\d\myfile\newversion_isp\myisppipeline\myisppipe\myisppipe\x64\debug\myisppipe.tlog\cl.command.1.tlog
c:\users\fei3szh\desktop\d\myfile\newversion_isp\myisppipeline\myisppipe\myisppipe\x64\debug\myisppipe.tlog\cl.read.1.tlog
c:\users\fei3szh\desktop\d\myfile\newversion_isp\myisppipeline\myisppipe\myisppipe\x64\debug\myisppipe.tlog\cl.write.1.tlog
c:\users\fei3szh\desktop\d\myfile\newversion_isp\myisppipeline\myisppipe\myisppipe\x64\debug\myisppipe.tlog\link.command.1.tlog
c:\users\fei3szh\desktop\d\myfile\newversion_isp\myisppipeline\myisppipe\myisppipe\x64\debug\myisppipe.tlog\link.read.1.tlog
c:\users\fei3szh\desktop\d\myfile\newversion_isp\myisppipeline\myisppipe\myisppipe\x64\debug\myisppipe.tlog\link.write.1.tlog
