f:\newversion_isp\myisppipeline\myisppipe\myisppipe\x64\release\vc143.pdb
f:\newversion_isp\myisppipeline\myisppipe\myisppipe\x64\release\imgui_impl_dx11.obj
f:\newversion_isp\myisppipeline\myisppipe\myisppipe\x64\release\managepipe.obj
f:\newversion_isp\myisppipeline\myisppipe\myisppipe\x64\release\parameters.obj
f:\newversion_isp\myisppipeline\myisppipe\myisppipe\x64\release\tonemap.obj
f:\newversion_isp\myisppipeline\myisppipe\myisppipe\x64\release\sharpen.obj
f:\newversion_isp\myisppipeline\myisppipe\myisppipe\x64\release\rnr.obj
f:\newversion_isp\myisppipeline\myisppipe\myisppipe\x64\release\raw_extern.obj
f:\newversion_isp\myisppipeline\myisppipe\myisppipe\x64\release\lsc.obj
f:\newversion_isp\myisppipeline\myisppipe\myisppipe\x64\release\ldci.obj
f:\newversion_isp\myisppipeline\myisppipe\myisppipe\x64\release\gamma.obj
f:\newversion_isp\myisppipeline\myisppipe\myisppipe\x64\release\dpc.obj
f:\newversion_isp\myisppipeline\myisppipe\myisppipe\x64\release\depwl.obj
f:\newversion_isp\myisppipeline\myisppipe\myisppipe\x64\release\demosaic.obj
f:\newversion_isp\myisppipeline\myisppipe\myisppipe\x64\release\csc.obj
f:\newversion_isp\myisppipeline\myisppipe\myisppipe\x64\release\contrast.obj
f:\newversion_isp\myisppipeline\myisppipe\myisppipe\x64\release\ccm.obj
f:\newversion_isp\myisppipeline\myisppipe\myisppipe\x64\release\blc.obj
f:\newversion_isp\myisppipeline\myisppipe\myisppipe\x64\release\awb.obj
f:\newversion_isp\myisppipeline\myisppipe\myisppipe\x64\release\main.obj
f:\newversion_isp\myisppipeline\myisppipe\myisppipe\x64\release\common.obj
f:\newversion_isp\myisppipeline\myisppipe\myisppipe\x64\release\imgui_widgets.obj
f:\newversion_isp\myisppipeline\myisppipe\myisppipe\x64\release\imgui_tables.obj
f:\newversion_isp\myisppipeline\myisppipe\myisppipe\x64\release\imgui_draw.obj
f:\newversion_isp\myisppipeline\myisppipe\myisppipe\x64\release\imgui_demo.obj
f:\newversion_isp\myisppipeline\myisppipe\myisppipe\x64\release\imgui.obj
f:\newversion_isp\myisppipeline\myisppipe\myisppipe\x64\release\imgui_impl_win32.obj
f:\newversion_isp\myisppipeline\myisppipe\myisppipe\x64\release\myisppipe.tlog\cl.command.1.tlog
f:\newversion_isp\myisppipeline\myisppipe\myisppipe\x64\release\myisppipe.tlog\cl.read.1.tlog
f:\newversion_isp\myisppipeline\myisppipe\myisppipe\x64\release\myisppipe.tlog\cl.write.1.tlog
f:\newversion_isp\myisppipeline\myisppipe\myisppipe\x64\release\myisppipe.tlog\link.command.1.tlog
f:\newversion_isp\myisppipeline\myisppipe\myisppipe\x64\release\myisppipe.tlog\link.read.1.tlog
f:\newversion_isp\myisppipeline\myisppipe\myisppipe\x64\release\myisppipe.tlog\link.write.1.tlog
